<?xml version="1.0" encoding="UTF-8"?>
<testsuites name="Mocha Tests" time="0.0010" tests="1" failures="0">
  <testsuite name="Root Suite" timestamp="2021-06-27T17:00:31" tests="0" time="0.0000" failures="0">
  </testsuite>
  <testsuite name="Array" timestamp="2021-06-27T17:00:31" tests="0" file="/home/max/project/jenkins/test/test.js" time="0.0000" failures="0">
  </testsuite>
  <testsuite name="#indexOf()" timestamp="2021-06-27T17:00:31" tests="1" file="/home/max/project/jenkins/test/test.js" time="0.0010" failures="0">
    <testcase name="Array #indexOf() should return -1 when the value is not present" time="0.0010" classname="should return -1 when the value is not present">
    </testcase>
  </testsuite>
</testsuites>